// Vitest Snapshot v1, https://vitest.dev/guide/snapshot.html

exports[`native CLI command metadata is stable 1`] = `
[
  {
    "command": "para-zk:attach-file",
    "description": "Copy local files or directories into the vault attachment folder",
    "options": {
      "folder": {
        "description": "Vault-relative target folder (default: assets).",
        "value": "<vault-folder>",
      },
      "format": {
        "description": "Output format (default: text).",
        "value": "<text|json>",
      },
      "name": {
        "description": "Optional destination filename. The source extension is preserved when omitted.",
        "value": "<filename>",
      },
      "recursive": {
        "description": "For directory sources, include nested files (default: true).",
        "value": "<true|false>",
      },
      "source": {
        "description": "Local file or directory path to copy into the vault.",
        "value": "<local-path>",
      },
      "sources": {
        "description": "Additional local file or directory paths to copy.",
        "value": "<json|comma-list>",
      },
    },
  },
  {
    "command": "para-zk:audit",
    "description": "Audit the vault for deterministic PARA-ZK content-health findings",
    "options": {
      "check": {
        "description": "Optional check code filter.",
        "value": "<broken_link|dangling_reference|idless_reference|bare_reference|bad_citation_subpath|orphan_note|upward_wiki_link|orphan_wiki_page|wiki_tag_domain_mismatch|managed_block_in_body|unprocessed_spark|stale_draft_permanent>",
      },
      "fix": {
        "description": "When true, apply auto-repairs vault-wide: backfill id-less reference ids, expand unique bare reference links to full paths, correct llm-wiki tag domains, and remove legacy managed-block scaffolding fences (leading para-zk-props and trailing para-zk-managed); all other findings (including ambiguous bare references) remain report-only.",
        "value": "<true|false>",
      },
      "format": {
        "description": "Output format (default: text).",
        "value": "<text|json>",
      },
      "limit": {
        "description": "Maximum findings to return (default: 50).",
        "value": "<number|all>",
      },
      "offset": {
        "description": "Zero-based finding offset (default: 0).",
        "value": "<number>",
      },
      "severity": {
        "description": "Optional severity filter.",
        "value": "<high|medium|low>",
      },
      "type": {
        "description": "Optional stored frontmatter type filter, e.g. resource or permanent.",
        "value": "<note-type>",
      },
    },
  },
  {
    "command": "para-zk:capture-journal",
    "description": "Append a quick memo to the daily journal",
    "options": {
      "content": {
        "description": "Memo content.",
        "value": "<content>",
      },
      "date": {
        "description": "Journal date.",
        "value": "<YYYY-MM-DD>",
      },
      "energy": {
        "description": "Locale-neutral daily energy code.",
        "value": "<high|normal|low>",
      },
      "format": {
        "description": "Output format (default: text).",
        "value": "<text|json>",
      },
      "open": {
        "description": "Open the journal note in Obsidian.",
        "value": "<true|false>",
      },
      "time": {
        "description": "Memo time.",
        "value": "<HH:mm>",
      },
    },
  },
  {
    "command": "para-zk:conventions",
    "description": "Describe PARA-ZK usage conventions to fetch once per task",
    "options": {
      "format": {
        "description": "Output format (default: text)",
        "value": "<text|json>",
      },
    },
  },
  {
    "command": "para-zk:create-area",
    "description": "Create a root PARA area note",
    "options": {
      "format": {
        "description": "Output format (default: text).",
        "value": "<text|json>",
      },
      "open": {
        "description": "Open the created note in Obsidian.",
        "value": "<true|false>",
      },
      "title": {
        "description": "Area title.",
        "value": "<title>",
      },
    },
  },
  {
    "command": "para-zk:create-child",
    "description": "Create a child note under a project or root area. relpath is the ancestor chain to the immediate parent; title is the new child (for type=subnote, may be a subdir/title path to file it in a subfolder under the parent).",
    "options": {
      "body": {
        "description": "type=subnote only. Optional initial free-form body content.",
        "value": "<markdown>",
      },
      "format": {
        "description": "Output format (default: text).",
        "value": "<text|json>",
      },
      "inherit_parent_tag": {
        "description": "type=area only. Include the parent area tag as well as the child tag (default true).",
        "value": "<true|false>",
      },
      "open": {
        "description": "Open the created note in Obsidian.",
        "value": "<true|false>",
      },
      "relpath": {
        "description": "Optional ancestor chain from the root to the immediate parent. Empty or omitted means directly under the root.",
        "value": "<["title", ...]>",
      },
      "root_title": {
        "description": "Directly-addressable root ancestor title.",
        "value": "<title>",
      },
      "root_type": {
        "description": "Directly-addressable root ancestor type. Must be project or area.",
        "value": "<project|area>",
      },
      "subnote_type": {
        "description": "type=subnote only. Locale-neutral subnote type code.",
        "value": "<free|checklist|todo|plan|research|meeting|decision|guide|risk|idea|settlement>",
      },
      "title": {
        "description": "New child. For type=subnote, a relative path (subdir/title) files it in a subfolder under the parent; it stays the parent's child by frontmatter regardless of subfolder. For type=area, the child area title.",
        "value": "<title|subdir/title>",
      },
      "type": {
        "description": "Child type to create. type=area requires root_type=area; type=subnote allows root_type=project or area.",
        "value": "<subnote|area>",
      },
    },
  },
  {
    "command": "para-zk:create-from-digest",
    "description": "Create a Permanent note from a digest note (digest preserved)",
    "options": {
      "body": {
        "description": "Optional initial free-form body content.",
        "value": "<markdown>",
      },
      "format": {
        "description": "Output format (default: text).",
        "value": "<text|json>",
      },
      "maturity": {
        "description": "Permanent-note maturity code.",
        "value": "<draft|refined|evergreen>",
      },
      "open": {
        "description": "Open the created note in Obsidian.",
        "value": "<true|false>",
      },
      "source_title": {
        "description": "Digest note title.",
        "value": "<title>",
      },
      "title": {
        "description": "New permanent note title.",
        "value": "<title>",
      },
    },
  },
  {
    "command": "para-zk:create-from-resource",
    "description": "Create a Digest or Permanent ZK note from a resource (resource preserved)",
    "options": {
      "body": {
        "description": "Optional initial free-form body content.",
        "value": "<markdown>",
      },
      "format": {
        "description": "Output format (default: text).",
        "value": "<text|json>",
      },
      "kind": {
        "description": "Locale-neutral target ZK kind (digest|permanent).",
        "value": "<digest|permanent>",
      },
      "maturity": {
        "description": "Permanent-note maturity code.",
        "value": "<draft|refined|evergreen>",
      },
      "open": {
        "description": "Open the created note in Obsidian.",
        "value": "<true|false>",
      },
      "source_title": {
        "description": "Source resource title. Use / to address a Resources-relative path, e.g. AI/Foo.",
        "value": "<title>",
      },
      "title": {
        "description": "New ZK note title.",
        "value": "<title>",
      },
    },
  },
  {
    "command": "para-zk:create-llm-wiki",
    "description": "Create an llm-wiki note",
    "options": {
      "alias": {
        "description": "Optional single Obsidian alias to store in frontmatter.",
        "value": "<text>",
      },
      "body": {
        "description": "Optional initial free-form body content.",
        "value": "<markdown>",
      },
      "by": {
        "description": "Locale-neutral model id to stamp as llm-wiki authorship.",
        "value": "<model-id>",
      },
      "format": {
        "description": "Output format (default: text).",
        "value": "<text|json>",
      },
      "open": {
        "description": "Open the created note in Obsidian.",
        "value": "<true|false>",
      },
      "title": {
        "description": "LLM-Wiki page as <domain>/<concept> — exactly one domain folder (e.g. AI/Diffusion Policy). The concept is reused if it already exists under any domain.",
        "value": "<domain>/<concept>",
      },
    },
  },
  {
    "command": "para-zk:create-project",
    "description": "Create a PARA project note",
    "options": {
      "alias": {
        "description": "Optional single Obsidian alias to store in frontmatter.",
        "value": "<text>",
      },
      "area_titles": {
        "description": "Area titles to reuse or create and link.",
        "value": "<json|comma-list>",
      },
      "areas": {
        "description": "Area links to store in frontmatter.",
        "value": "<json|comma-list>",
      },
      "format": {
        "description": "Output format (default: text).",
        "value": "<text|json>",
      },
      "open": {
        "description": "Open the created note in Obsidian.",
        "value": "<true|false>",
      },
      "priority": {
        "description": "Locale-neutral project priority code.",
        "value": "<low|medium|high>",
      },
      "status": {
        "description": "Locale-neutral project status code.",
        "value": "<idea|in_progress|paused|done|archived>",
      },
      "title": {
        "description": "Project title.",
        "value": "<title>",
      },
    },
  },
  {
    "command": "para-zk:create-resource",
    "description": "Create a PARA resource note and optionally link it from a source note",
    "options": {
      "alias": {
        "description": "Optional single Obsidian alias to store in frontmatter.",
        "value": "<text>",
      },
      "body": {
        "description": "Optional initial free-form body content.",
        "value": "<markdown>",
      },
      "domain": {
        "description": "Optional subject domain for the identity tag (<type>/<domain>, e.g. resource/ai); omit for a flat type tag. Reuse an existing domain vocabulary.",
        "value": "<domain>",
      },
      "first_author": {
        "description": "Optional provenance: the source's first author.",
        "value": "<name>",
      },
      "format": {
        "description": "Output format (default: text).",
        "value": "<text|json>",
      },
      "kind": {
        "description": "Optional provenance: locale-neutral source kind code.",
        "value": "<paper|article|book|video|web|code|guide|other>",
      },
      "license": {
        "description": "Optional provenance: source license as an SPDX identifier (e.g. MIT, CC-BY-4.0); when no SPDX id fits, a short recognizable token (e.g. arXiv).",
        "value": "<spdx-id>",
      },
      "link": {
        "description": "Whether to add the link to the source note.",
        "value": "<true|false>",
      },
      "open": {
        "description": "Open the created note in Obsidian.",
        "value": "<true|false>",
      },
      "source_title": {
        "description": "Optional source note title to link this resource from. When source_type=resource, use / to address a Resources-relative path, e.g. AI/Foo.",
        "value": "<title>",
      },
      "source_type": {
        "description": "Optional source note type to link this resource from.",
        "value": "<project|area|resource|zk>",
      },
      "title": {
        "description": "Resource title. Use / to address/create a Resources-relative path, e.g. AI/Foo.",
        "value": "<title>",
      },
      "url": {
        "description": "Optional provenance: where the source came from.",
        "value": "<url>",
      },
    },
  },
  {
    "command": "para-zk:create-retro",
    "description": "Create a weekly retro note, optionally scoped to a project or area",
    "options": {
      "date": {
        "description": "Date used for ISO week calculation.",
        "value": "<YYYY-MM-DD>",
      },
      "format": {
        "description": "Output format (default: text).",
        "value": "<text|json>",
      },
      "open": {
        "description": "Open the created note in Obsidian.",
        "value": "<true|false>",
      },
      "source_title": {
        "description": "Optional scope note title.",
        "value": "<title>",
      },
      "source_type": {
        "description": "Optional scope note type.",
        "value": "<project|area>",
      },
      "title": {
        "description": "Retro title segment.",
        "value": "<title>",
      },
    },
  },
  {
    "command": "para-zk:create-zk",
    "description": "Create a ZK note",
    "options": {
      "alias": {
        "description": "Optional single Obsidian alias to store in frontmatter.",
        "value": "<text>",
      },
      "body": {
        "description": "Optional initial free-form body content.",
        "value": "<markdown>",
      },
      "format": {
        "description": "Output format (default: text).",
        "value": "<text|json>",
      },
      "kind": {
        "description": "Locale-neutral ZK note kind.",
        "value": "<spark|digest|permanent>",
      },
      "maturity": {
        "description": "Permanent-note maturity code.",
        "value": "<draft|refined|evergreen>",
      },
      "open": {
        "description": "Open the created note in Obsidian.",
        "value": "<true|false>",
      },
      "title": {
        "description": "ZK note title.",
        "value": "<title>",
      },
    },
  },
  {
    "command": "para-zk:delete-area",
    "description": "Move an area note to Obsidian trash and clean PARA-ZK-owned references",
    "options": {
      "archived": {
        "description": "When selecting by title, true selects the archived PARA copy and false restricts lookup to the active copy.",
        "value": "<true|false>",
      },
      "force": {
        "description": "Required when deleting a folder-style note that contains child files.",
        "value": "<true|false>",
      },
      "format": {
        "description": "Output format (default: text).",
        "value": "<text|json>",
      },
      "title": {
        "description": "Current note title.",
        "value": "<title>",
      },
    },
  },
  {
    "command": "para-zk:delete-child",
    "description": "Delete a child note under a project or root area. relpath is the ancestor chain to the immediate parent; title is the child.",
    "options": {
      "archived": {
        "description": "When selecting by title, true selects the archived PARA copy and false restricts lookup to the active copy.",
        "value": "<true|false>",
      },
      "force": {
        "description": "Required when deleting a folder-style note that contains child files.",
        "value": "<true|false>",
      },
      "format": {
        "description": "Output format (default: text).",
        "value": "<text|json>",
      },
      "relpath": {
        "description": "Optional ancestor chain from the root to the immediate parent. Empty or omitted means directly under the root.",
        "value": "<["title", ...]>",
      },
      "root_title": {
        "description": "Directly-addressable root ancestor title.",
        "value": "<title>",
      },
      "root_type": {
        "description": "Directly-addressable root ancestor type. Must be project or area.",
        "value": "<project|area>",
      },
      "title": {
        "description": "Child title. The full child drill path is [...relpath, title]; subfoldered subnotes may also be addressed as subdir/title(.md).",
        "value": "<title|subdir/title>",
      },
    },
  },
  {
    "command": "para-zk:delete-journal",
    "description": "Move a daily journal note to Obsidian trash and report incoming links",
    "options": {
      "date": {
        "description": "Journal date. Defaults to today.",
        "value": "<YYYY-MM-DD>",
      },
      "format": {
        "description": "Output format (default: text).",
        "value": "<text|json>",
      },
    },
  },
  {
    "command": "para-zk:delete-llm-wiki",
    "description": "Move an llm-wiki note to Obsidian trash and clean PARA-ZK-owned references",
    "options": {
      "force": {
        "description": "Required when deleting a folder-style note that contains child files.",
        "value": "<true|false>",
      },
      "format": {
        "description": "Output format (default: text).",
        "value": "<text|json>",
      },
      "title": {
        "description": "Current LLM-Wiki title. Use / to address an LLM-Wiki-relative path, e.g. AI/Foo.",
        "value": "<title>",
      },
    },
  },
  {
    "command": "para-zk:delete-project",
    "description": "Move a project note to Obsidian trash and clean PARA-ZK-owned references",
    "options": {
      "archived": {
        "description": "When selecting by title, true selects the archived PARA copy and false restricts lookup to the active copy.",
        "value": "<true|false>",
      },
      "force": {
        "description": "Required when deleting a folder-style note that contains child files.",
        "value": "<true|false>",
      },
      "format": {
        "description": "Output format (default: text).",
        "value": "<text|json>",
      },
      "title": {
        "description": "Current note title.",
        "value": "<title>",
      },
    },
  },
  {
    "command": "para-zk:delete-resource",
    "description": "Move a resource note to Obsidian trash and clean PARA-ZK-owned references",
    "options": {
      "archived": {
        "description": "When selecting by title, true selects the archived PARA copy and false restricts lookup to the active copy.",
        "value": "<true|false>",
      },
      "force": {
        "description": "Required when deleting a folder-style note that contains child files.",
        "value": "<true|false>",
      },
      "format": {
        "description": "Output format (default: text).",
        "value": "<text|json>",
      },
      "title": {
        "description": "Current resource title. Use / to address a Resources-relative path, e.g. AI/Foo.",
        "value": "<title>",
      },
    },
  },
  {
    "command": "para-zk:delete-retro",
    "description": "Move a retro note to Obsidian trash and clean PARA-ZK-owned references",
    "options": {
      "archived": {
        "description": "When selecting by title, true selects the archived PARA copy and false restricts lookup to the active copy.",
        "value": "<true|false>",
      },
      "date": {
        "description": "Optional date used to narrow the ISO week folder.",
        "value": "<YYYY-MM-DD>",
      },
      "force": {
        "description": "Required when deleting a folder-style note that contains child files.",
        "value": "<true|false>",
      },
      "format": {
        "description": "Output format (default: text).",
        "value": "<text|json>",
      },
      "title": {
        "description": "Current note title.",
        "value": "<title>",
      },
    },
  },
  {
    "command": "para-zk:delete-zk",
    "description": "Move a ZK note to Obsidian trash and clean PARA-ZK-owned references",
    "options": {
      "force": {
        "description": "Required when deleting a folder-style note that contains child files.",
        "value": "<true|false>",
      },
      "format": {
        "description": "Output format (default: text).",
        "value": "<text|json>",
      },
      "kind": {
        "description": "Optional ZK kind filter.",
        "value": "<spark|digest|permanent>",
      },
      "title": {
        "description": "Current note title.",
        "value": "<title>",
      },
    },
  },
  {
    "command": "para-zk:describe",
    "description": "Describe PARA-ZK CLI surface types, stable read/write keys, and collection filters",
    "options": {
      "format": {
        "description": "Output format (default: text)",
        "value": "<text|json>",
      },
      "type": {
        "description": "Optional surface type. Omit to describe all supported surfaces.",
        "value": "<project|area|resource|llm-wiki|journal|retro|subnote|spark|digest|permanent|note>",
      },
    },
  },
  {
    "command": "para-zk:distill-spark",
    "description": "Distill a spark into a permanent note; record it on the spark, or discard the spark",
    "options": {
      "body": {
        "description": "Optional initial free-form body content for the new permanent.",
        "value": "<markdown>",
      },
      "discard": {
        "description": "Discard the spark (move to trash) instead of keeping it marked processed. Default false.",
        "value": "<true|false>",
      },
      "format": {
        "description": "Output format (default: text).",
        "value": "<text|json>",
      },
      "maturity": {
        "description": "Permanent-note maturity code.",
        "value": "<draft|refined|evergreen>",
      },
      "open": {
        "description": "Open the created note in Obsidian.",
        "value": "<true|false>",
      },
      "source_title": {
        "description": "Source spark note title.",
        "value": "<title>",
      },
      "title": {
        "description": "New permanent note title.",
        "value": "<title>",
      },
    },
  },
  {
    "command": "para-zk:list",
    "description": "List PARA-ZK notes by type with optional filters (structured enumeration by name/frontmatter). For content/full-text search, use \`optsidian grep\` or \`optsidian search\`.",
    "options": {
      "archived": {
        "description": "true lists archived notes; default lists active notes.",
        "value": "<true|false>",
      },
      "format": {
        "description": "Output format (default: text).",
        "value": "<text|json>",
      },
      "limit": {
        "description": "Maximum items to return (default: 50).",
        "value": "<number|all>",
      },
      "offset": {
        "description": "Zero-based item offset (default: 0).",
        "value": "<number>",
      },
      "query": {
        "description": "Optional case-insensitive substring filter over the note's name or address path. Use query=<subpath>/ to scope to a subfolder (e.g. a wiki domain or Resources folder).",
        "value": "<text>",
      },
      "type": {
        "description": "Optional note-type filter. Omit to list all PARA-ZK notes; zk spans all ZK kinds.",
        "value": "<project|area|resource|llm-wiki|zk|retro|journal|subnote>",
      },
    },
  },
  {
    "command": "para-zk:read-area",
    "description": "Read an area note's stable PARA-ZK surface, optionally by map key",
    "options": {
      "archived": {
        "description": "When selecting by title, true selects the archived PARA copy and false restricts lookup to the active copy.",
        "value": "<true|false>",
      },
      "checkbox": {
        "description": "Task collection reads only: checkbox status character. Use space/blank/todo/open for [ ].",
        "value": "<status>",
      },
      "due_after": {
        "description": "Task collection reads only: include tasks due on or after this date.",
        "value": "<YYYY-MM-DD>",
      },
      "due_before": {
        "description": "Task collection reads only: include tasks due on or before this date.",
        "value": "<YYYY-MM-DD>",
      },
      "format": {
        "description": "Output format (default: text).",
        "value": "<text|json>",
      },
      "key": {
        "description": "Optional stable read key. Valid: frontmatter, frontmatter/{parent}, overview, tasks, tasks/<id>, tasks/<id>/{checkbox|name|due|scheduled|start|created|done|cancelled|priority}, references, references/<i>, references/<i>/{id|link|description|kind|path|target}, backlinks, backlinks/<i>, backlinks/<i>/{link|path|title|type}, children.",
        "value": "<map-path>",
      },
      "limit": {
        "description": "Collection key reads only: maximum items to return (default: 50).",
        "value": "<number|all>",
      },
      "offset": {
        "description": "Collection key reads only: zero-based item offset (default: 0).",
        "value": "<number>",
      },
      "priority": {
        "description": "Task collection reads only: parsed Tasks priority such as high or medium.",
        "value": "<priority>",
      },
      "query": {
        "description": "Collection key reads only: case-insensitive item text filter.",
        "value": "<text>",
      },
      "ref_kind": {
        "description": "Reference collection reads only: filter references by kind.",
        "value": "<url|note|file|wiki|text>",
      },
      "title": {
        "description": "Area title.",
        "value": "<title>",
      },
      "type": {
        "description": "Backlink collection reads only: filter source notes by frontmatter type.",
        "value": "<note-type>",
      },
    },
  },
  {
    "command": "para-zk:read-child",
    "description": "Read a child note under a project or root area. relpath is the ancestor chain to the immediate parent; title is the child.",
    "options": {
      "archived": {
        "description": "When selecting by title, true selects the archived PARA copy and false restricts lookup to the active copy.",
        "value": "<true|false>",
      },
      "checkbox": {
        "description": "Task collection reads only: checkbox status character. Use space/blank/todo/open for [ ].",
        "value": "<status>",
      },
      "due_after": {
        "description": "Task collection reads only: include tasks due on or after this date.",
        "value": "<YYYY-MM-DD>",
      },
      "due_before": {
        "description": "Task collection reads only: include tasks due on or before this date.",
        "value": "<YYYY-MM-DD>",
      },
      "format": {
        "description": "Output format (default: text).",
        "value": "<text|json>",
      },
      "key": {
        "description": "Optional stable read key on the addressed child. The key is the child's key; valid keys depend on the resolved child type (subnote, note, or nested area).",
        "value": "<map-path>",
      },
      "limit": {
        "description": "Collection key reads only: maximum items to return (default: 50).",
        "value": "<number|all>",
      },
      "offset": {
        "description": "Collection key reads only: zero-based item offset (default: 0).",
        "value": "<number>",
      },
      "priority": {
        "description": "Task collection reads only: parsed Tasks priority such as high or medium.",
        "value": "<priority>",
      },
      "query": {
        "description": "Collection key reads only: case-insensitive item text filter.",
        "value": "<text>",
      },
      "ref_kind": {
        "description": "Reference collection reads only: filter references by kind.",
        "value": "<url|note|file|wiki|text>",
      },
      "relpath": {
        "description": "Optional ancestor chain from the root to the immediate parent. Empty or omitted means directly under the root.",
        "value": "<["title", ...]>",
      },
      "root_title": {
        "description": "Directly-addressable root ancestor title.",
        "value": "<title>",
      },
      "root_type": {
        "description": "Directly-addressable root ancestor type. Must be project or area.",
        "value": "<project|area>",
      },
      "title": {
        "description": "Child title. The full child drill path is [...relpath, title]; subfoldered subnotes may also be addressed as subdir/title(.md).",
        "value": "<title|subdir/title>",
      },
      "type": {
        "description": "Backlink collection reads only: filter source notes by frontmatter type.",
        "value": "<note-type>",
      },
    },
  },
  {
    "command": "para-zk:read-journal",
    "description": "Read a daily journal note's stable PARA-ZK surface, optionally by map key",
    "options": {
      "checkbox": {
        "description": "Task collection reads only: checkbox status character. Use space/blank/todo/open for [ ].",
        "value": "<status>",
      },
      "date": {
        "description": "Journal date. Defaults to today.",
        "value": "<YYYY-MM-DD>",
      },
      "due_after": {
        "description": "Task collection reads only: include tasks due on or after this date.",
        "value": "<YYYY-MM-DD>",
      },
      "due_before": {
        "description": "Task collection reads only: include tasks due on or before this date.",
        "value": "<YYYY-MM-DD>",
      },
      "format": {
        "description": "Output format (default: text).",
        "value": "<text|json>",
      },
      "key": {
        "description": "Optional stable read key. Valid: frontmatter, frontmatter/{date|energy}, focus, quick_memo, timeline, tasks, tasks/<id>, tasks/<id>/{checkbox|name|due|scheduled|start|created|done|cancelled|priority}, short_review, references, references/<i>, references/<i>/{id|link|description|kind|path|target}, backlinks, backlinks/<i>, backlinks/<i>/{link|path|title|type}.",
        "value": "<map-path>",
      },
      "limit": {
        "description": "Collection key reads only: maximum items to return (default: 50).",
        "value": "<number|all>",
      },
      "offset": {
        "description": "Collection key reads only: zero-based item offset (default: 0).",
        "value": "<number>",
      },
      "priority": {
        "description": "Task collection reads only: parsed Tasks priority such as high or medium.",
        "value": "<priority>",
      },
      "query": {
        "description": "Collection key reads only: case-insensitive item text filter.",
        "value": "<text>",
      },
      "ref_kind": {
        "description": "Reference collection reads only: filter references by kind.",
        "value": "<url|note|file|wiki|text>",
      },
      "type": {
        "description": "Backlink collection reads only: filter source notes by frontmatter type.",
        "value": "<note-type>",
      },
    },
  },
  {
    "command": "para-zk:read-llm-wiki",
    "description": "Read an llm-wiki note's stable PARA-ZK surface, optionally by map key",
    "options": {
      "checkbox": {
        "description": "Task collection reads only: checkbox status character. Use space/blank/todo/open for [ ].",
        "value": "<status>",
      },
      "due_after": {
        "description": "Task collection reads only: include tasks due on or after this date.",
        "value": "<YYYY-MM-DD>",
      },
      "due_before": {
        "description": "Task collection reads only: include tasks due on or before this date.",
        "value": "<YYYY-MM-DD>",
      },
      "format": {
        "description": "Output format (default: text).",
        "value": "<text|json>",
      },
      "key": {
        "description": "Optional stable read key. Valid: frontmatter, frontmatter/{aliases|created_by|updated_by}, references, references/<i>, references/<i>/{id|link|description|kind|path|target}, backlinks, backlinks/<i>, backlinks/<i>/{link|path|title|type}, body.",
        "value": "<map-path>",
      },
      "limit": {
        "description": "Collection key reads only: maximum items to return (default: 50).",
        "value": "<number|all>",
      },
      "offset": {
        "description": "Collection key reads only: zero-based item offset (default: 0).",
        "value": "<number>",
      },
      "priority": {
        "description": "Task collection reads only: parsed Tasks priority such as high or medium.",
        "value": "<priority>",
      },
      "query": {
        "description": "Collection key reads only: case-insensitive item text filter.",
        "value": "<text>",
      },
      "ref_kind": {
        "description": "Reference collection reads only: filter references by kind.",
        "value": "<url|note|file|wiki|text>",
      },
      "title": {
        "description": "LLM-Wiki title. Use / to address an LLM-Wiki-relative path, e.g. AI/Foo.",
        "value": "<title>",
      },
      "type": {
        "description": "Backlink collection reads only: filter source notes by frontmatter type.",
        "value": "<note-type>",
      },
    },
  },
  {
    "command": "para-zk:read-project",
    "description": "Read a project note's stable PARA-ZK surface, optionally by map key",
    "options": {
      "archived": {
        "description": "When selecting by title, true selects the archived PARA copy and false restricts lookup to the active copy.",
        "value": "<true|false>",
      },
      "checkbox": {
        "description": "Task collection reads only: checkbox status character. Use space/blank/todo/open for [ ].",
        "value": "<status>",
      },
      "due_after": {
        "description": "Task collection reads only: include tasks due on or after this date.",
        "value": "<YYYY-MM-DD>",
      },
      "due_before": {
        "description": "Task collection reads only: include tasks due on or before this date.",
        "value": "<YYYY-MM-DD>",
      },
      "format": {
        "description": "Output format (default: text).",
        "value": "<text|json>",
      },
      "key": {
        "description": "Optional stable read key. Valid: frontmatter, frontmatter/{aliases|areas|status|priority|start_date|due_date|done_date}, summary, goals, tasks, tasks/<id>, tasks/<id>/{checkbox|name|due|scheduled|start|created|done|cancelled|priority}, references, references/<i>, references/<i>/{id|link|description|kind|path|target}, backlinks, backlinks/<i>, backlinks/<i>/{link|path|title|type}, children.",
        "value": "<map-path>",
      },
      "limit": {
        "description": "Collection key reads only: maximum items to return (default: 50).",
        "value": "<number|all>",
      },
      "offset": {
        "description": "Collection key reads only: zero-based item offset (default: 0).",
        "value": "<number>",
      },
      "priority": {
        "description": "Task collection reads only: parsed Tasks priority such as high or medium.",
        "value": "<priority>",
      },
      "query": {
        "description": "Collection key reads only: case-insensitive item text filter.",
        "value": "<text>",
      },
      "ref_kind": {
        "description": "Reference collection reads only: filter references by kind.",
        "value": "<url|note|file|wiki|text>",
      },
      "title": {
        "description": "Project title.",
        "value": "<title>",
      },
      "type": {
        "description": "Backlink collection reads only: filter source notes by frontmatter type.",
        "value": "<note-type>",
      },
    },
  },
  {
    "command": "para-zk:read-resource",
    "description": "Read a resource note's stable PARA-ZK surface, optionally by map key",
    "options": {
      "archived": {
        "description": "When selecting by title, true selects the archived PARA copy and false restricts lookup to the active copy.",
        "value": "<true|false>",
      },
      "checkbox": {
        "description": "Task collection reads only: checkbox status character. Use space/blank/todo/open for [ ].",
        "value": "<status>",
      },
      "due_after": {
        "description": "Task collection reads only: include tasks due on or after this date.",
        "value": "<YYYY-MM-DD>",
      },
      "due_before": {
        "description": "Task collection reads only: include tasks due on or before this date.",
        "value": "<YYYY-MM-DD>",
      },
      "format": {
        "description": "Output format (default: text).",
        "value": "<text|json>",
      },
      "key": {
        "description": "Optional stable read key. Valid: frontmatter, frontmatter/{aliases|url|first_author|license|kind}, references, references/<i>, references/<i>/{id|link|description|kind|path|target}, backlinks, backlinks/<i>, backlinks/<i>/{link|path|title|type}, body.",
        "value": "<map-path>",
      },
      "limit": {
        "description": "Collection key reads only: maximum items to return (default: 50).",
        "value": "<number|all>",
      },
      "offset": {
        "description": "Collection key reads only: zero-based item offset (default: 0).",
        "value": "<number>",
      },
      "priority": {
        "description": "Task collection reads only: parsed Tasks priority such as high or medium.",
        "value": "<priority>",
      },
      "query": {
        "description": "Collection key reads only: case-insensitive item text filter.",
        "value": "<text>",
      },
      "ref_kind": {
        "description": "Reference collection reads only: filter references by kind.",
        "value": "<url|note|file|wiki|text>",
      },
      "title": {
        "description": "Resource title. Use / to address a Resources-relative path, e.g. AI/Foo.",
        "value": "<title>",
      },
      "type": {
        "description": "Backlink collection reads only: filter source notes by frontmatter type.",
        "value": "<note-type>",
      },
    },
  },
  {
    "command": "para-zk:read-retro",
    "description": "Read a retro note's stable PARA-ZK surface, optionally by map key",
    "options": {
      "archived": {
        "description": "When selecting by title, true selects the archived PARA copy and false restricts lookup to the active copy.",
        "value": "<true|false>",
      },
      "checkbox": {
        "description": "Task collection reads only: checkbox status character. Use space/blank/todo/open for [ ].",
        "value": "<status>",
      },
      "date": {
        "description": "Optional date used to narrow the ISO week folder.",
        "value": "<YYYY-MM-DD>",
      },
      "due_after": {
        "description": "Task collection reads only: include tasks due on or after this date.",
        "value": "<YYYY-MM-DD>",
      },
      "due_before": {
        "description": "Task collection reads only: include tasks due on or before this date.",
        "value": "<YYYY-MM-DD>",
      },
      "format": {
        "description": "Output format (default: text).",
        "value": "<text|json>",
      },
      "key": {
        "description": "Optional stable read key. Valid: frontmatter, frontmatter/{project|areas|date|week_iso|week_start|week_end}, week_progress, good, improve, risks, retro_summary, backlinks, backlinks/<i>, backlinks/<i>/{link|path|title|type}.",
        "value": "<map-path>",
      },
      "limit": {
        "description": "Collection key reads only: maximum items to return (default: 50).",
        "value": "<number|all>",
      },
      "offset": {
        "description": "Collection key reads only: zero-based item offset (default: 0).",
        "value": "<number>",
      },
      "priority": {
        "description": "Task collection reads only: parsed Tasks priority such as high or medium.",
        "value": "<priority>",
      },
      "query": {
        "description": "Collection key reads only: case-insensitive item text filter.",
        "value": "<text>",
      },
      "ref_kind": {
        "description": "Reference collection reads only: filter references by kind.",
        "value": "<url|note|file|wiki|text>",
      },
      "title": {
        "description": "Retro note title.",
        "value": "<title>",
      },
      "type": {
        "description": "Backlink collection reads only: filter source notes by frontmatter type.",
        "value": "<note-type>",
      },
    },
  },
  {
    "command": "para-zk:read-zk",
    "description": "Read a ZK note's stable PARA-ZK surface, optionally by map key",
    "options": {
      "checkbox": {
        "description": "Task collection reads only: checkbox status character. Use space/blank/todo/open for [ ].",
        "value": "<status>",
      },
      "due_after": {
        "description": "Task collection reads only: include tasks due on or after this date.",
        "value": "<YYYY-MM-DD>",
      },
      "due_before": {
        "description": "Task collection reads only: include tasks due on or before this date.",
        "value": "<YYYY-MM-DD>",
      },
      "format": {
        "description": "Output format (default: text).",
        "value": "<text|json>",
      },
      "key": {
        "description": "Stable read key; depends on ZK kind. spark: frontmatter, frontmatter/{processed}, references, references/<i>, references/<i>/{id|link|description|kind|path|target}, backlinks, backlinks/<i>, backlinks/<i>/{link|path|title|type}, body; digest: frontmatter, frontmatter/{sourceTitle|url|first_author|published}, references, references/<i>, references/<i>/{id|link|description|kind|path|target}, backlinks, backlinks/<i>, backlinks/<i>/{link|path|title|type}, body; permanent: frontmatter, frontmatter/{maturity|aliases}, references, references/<i>, references/<i>/{id|link|description|kind|path|target}, backlinks, backlinks/<i>, backlinks/<i>/{link|path|title|type}, body.",
        "value": "<map-path>",
      },
      "kind": {
        "description": "Optional ZK kind filter.",
        "value": "<spark|digest|permanent>",
      },
      "limit": {
        "description": "Collection key reads only: maximum items to return (default: 50).",
        "value": "<number|all>",
      },
      "offset": {
        "description": "Collection key reads only: zero-based item offset (default: 0).",
        "value": "<number>",
      },
      "priority": {
        "description": "Task collection reads only: parsed Tasks priority such as high or medium.",
        "value": "<priority>",
      },
      "query": {
        "description": "Collection key reads only: case-insensitive item text filter.",
        "value": "<text>",
      },
      "ref_kind": {
        "description": "Reference collection reads only: filter references by kind.",
        "value": "<url|note|file|wiki|text>",
      },
      "title": {
        "description": "ZK note title.",
        "value": "<title>",
      },
      "type": {
        "description": "Backlink collection reads only: filter source notes by frontmatter type.",
        "value": "<note-type>",
      },
    },
  },
  {
    "command": "para-zk:refile-llm-wiki",
    "description": "Move an llm-wiki note to another domain folder",
    "options": {
      "by": {
        "description": "Locale-neutral model id to stamp as llm-wiki authorship.",
        "value": "<model-id>",
      },
      "domain": {
        "description": "Target one-segment LLM-Wiki domain folder.",
        "value": "<domain>",
      },
      "format": {
        "description": "Output format (default: text).",
        "value": "<text|json>",
      },
      "title": {
        "description": "Current LLM-Wiki title. Use / to address an LLM-Wiki-relative path, e.g. AI/Foo.",
        "value": "<title>",
      },
    },
  },
  {
    "command": "para-zk:rename-area",
    "description": "Rename an area note, including its folder-style parent folder",
    "options": {
      "archived": {
        "description": "When selecting by title, true selects the archived PARA copy and false restricts lookup to the active copy.",
        "value": "<true|false>",
      },
      "format": {
        "description": "Output format (default: text).",
        "value": "<text|json>",
      },
      "new_title": {
        "description": "New note title.",
        "value": "<title>",
      },
      "title": {
        "description": "Current note title.",
        "value": "<title>",
      },
    },
  },
  {
    "command": "para-zk:rename-child",
    "description": "Rename a child note under a project or root area. relpath is the ancestor chain to the immediate parent; title is the child being renamed.",
    "options": {
      "archived": {
        "description": "When selecting by title, true selects the archived PARA copy and false restricts lookup to the active copy.",
        "value": "<true|false>",
      },
      "format": {
        "description": "Output format (default: text).",
        "value": "<text|json>",
      },
      "new_title": {
        "description": "New note title.",
        "value": "<title>",
      },
      "relpath": {
        "description": "Optional ancestor chain from the root to the immediate parent. Empty or omitted means directly under the root.",
        "value": "<["title", ...]>",
      },
      "root_title": {
        "description": "Directly-addressable root ancestor title.",
        "value": "<title>",
      },
      "root_type": {
        "description": "Directly-addressable root ancestor type. Must be project or area.",
        "value": "<project|area>",
      },
      "title": {
        "description": "Child title. The full child drill path is [...relpath, title]; subfoldered subnotes may also be addressed as subdir/title(.md).",
        "value": "<title|subdir/title>",
      },
    },
  },
  {
    "command": "para-zk:rename-llm-wiki",
    "description": "Rename an llm-wiki note file",
    "options": {
      "format": {
        "description": "Output format (default: text).",
        "value": "<text|json>",
      },
      "new_title": {
        "description": "New note title.",
        "value": "<title>",
      },
      "title": {
        "description": "Current LLM-Wiki title. Use / to address an LLM-Wiki-relative path, e.g. AI/Foo.",
        "value": "<title>",
      },
    },
  },
  {
    "command": "para-zk:rename-project",
    "description": "Rename a project note, including its folder-style parent folder",
    "options": {
      "archived": {
        "description": "When selecting by title, true selects the archived PARA copy and false restricts lookup to the active copy.",
        "value": "<true|false>",
      },
      "format": {
        "description": "Output format (default: text).",
        "value": "<text|json>",
      },
      "new_title": {
        "description": "New note title.",
        "value": "<title>",
      },
      "title": {
        "description": "Current note title.",
        "value": "<title>",
      },
    },
  },
  {
    "command": "para-zk:rename-resource",
    "description": "Rename a resource note file",
    "options": {
      "archived": {
        "description": "When selecting by title, true selects the archived PARA copy and false restricts lookup to the active copy.",
        "value": "<true|false>",
      },
      "format": {
        "description": "Output format (default: text).",
        "value": "<text|json>",
      },
      "new_title": {
        "description": "New note title.",
        "value": "<title>",
      },
      "title": {
        "description": "Current resource title. Use / to address a Resources-relative path, e.g. AI/Foo.",
        "value": "<title>",
      },
    },
  },
  {
    "command": "para-zk:rename-zk",
    "description": "Rename a ZK note file",
    "options": {
      "format": {
        "description": "Output format (default: text).",
        "value": "<text|json>",
      },
      "kind": {
        "description": "Optional ZK kind filter.",
        "value": "<spark|digest|permanent>",
      },
      "new_title": {
        "description": "New note title.",
        "value": "<title>",
      },
      "title": {
        "description": "Current note title.",
        "value": "<title>",
      },
    },
  },
  {
    "command": "para-zk:setup",
    "description": "Set up the PARA-ZK vault layout and managed files",
    "options": {
      "deps": {
        "description": "Community plugin dependency group to install and enable.",
        "value": "<none|required|enhancements|all>",
      },
      "dryRun": {
        "description": "Plan changes without writing.",
        "value": "<true|false>",
      },
      "format": {
        "description": "Output format (default: text)",
        "value": "<text|json>",
      },
      "locale": {
        "description": "Language for UI, generated files, and tags.",
        "value": "<ko|en>",
      },
    },
  },
  {
    "command": "para-zk:update-area",
    "description": "Update an area note's stable PARA-ZK surface by map key",
    "options": {
      "all": {
        "description": "For op=replace, replace all matches instead of requiring a single match.",
        "value": "<true|false>",
      },
      "archived": {
        "description": "When selecting by title, true selects the archived PARA copy and false restricts lookup to the active copy.",
        "value": "<true|false>",
      },
      "format": {
        "description": "Output format (default: text).",
        "value": "<text|json>",
      },
      "key": {
        "description": "Stable writable key. Valid: frontmatter/{parent}=set, overview=set|append|prepend|replace, tasks=insert, tasks/<id>=delete, tasks/<id>/<field>=set, references=insert|backfill, references/<i>=delete, references/<i>/{link|description}=set.",
        "value": "<map-path>",
      },
      "match": {
        "description": "Exact text to match inside the selected key for op=replace.",
        "value": "<text>",
      },
      "op": {
        "description": "Update operation.",
        "value": "<set|insert|append|prepend|replace|delete|backfill>",
      },
      "title": {
        "description": "Area title.",
        "value": "<title>",
      },
      "value": {
        "description": "Text value for scalar set, append, or prepend operations.",
        "value": "<text>",
      },
      "value_json": {
        "description": "Structured value for frontmatter updates and task inserts.",
        "value": "<json>",
      },
      "with": {
        "description": "Replacement text for op=replace.",
        "value": "<text>",
      },
    },
  },
  {
    "command": "para-zk:update-child",
    "description": "Update a child note under a project or root area. relpath is the ancestor chain to the immediate parent; title is the child.",
    "options": {
      "all": {
        "description": "For op=replace, replace all matches instead of requiring a single match.",
        "value": "<true|false>",
      },
      "archived": {
        "description": "When selecting by title, true selects the archived PARA copy and false restricts lookup to the active copy.",
        "value": "<true|false>",
      },
      "format": {
        "description": "Output format (default: text).",
        "value": "<text|json>",
      },
      "key": {
        "description": "Stable writable key on the addressed child. The key is the child's key; valid keys depend on the resolved child type (subnote, note, or nested area).",
        "value": "<map-path>",
      },
      "match": {
        "description": "Exact text to match inside the selected key for op=replace.",
        "value": "<text>",
      },
      "op": {
        "description": "Update operation.",
        "value": "<set|insert|append|prepend|replace|delete|backfill>",
      },
      "relpath": {
        "description": "Optional ancestor chain from the root to the immediate parent. Empty or omitted means directly under the root.",
        "value": "<["title", ...]>",
      },
      "root_title": {
        "description": "Directly-addressable root ancestor title.",
        "value": "<title>",
      },
      "root_type": {
        "description": "Directly-addressable root ancestor type. Must be project or area.",
        "value": "<project|area>",
      },
      "title": {
        "description": "Child title. The full child drill path is [...relpath, title]; subfoldered subnotes may also be addressed as subdir/title(.md).",
        "value": "<title|subdir/title>",
      },
      "value": {
        "description": "Text value for scalar set, append, or prepend operations.",
        "value": "<text>",
      },
      "value_json": {
        "description": "Structured value for frontmatter updates and task inserts.",
        "value": "<json>",
      },
      "with": {
        "description": "Replacement text for op=replace.",
        "value": "<text>",
      },
    },
  },
  {
    "command": "para-zk:update-journal",
    "description": "Update a daily journal note's stable PARA-ZK surface by map key",
    "options": {
      "all": {
        "description": "For op=replace, replace all matches instead of requiring a single match.",
        "value": "<true|false>",
      },
      "date": {
        "description": "Journal date. Defaults to today.",
        "value": "<YYYY-MM-DD>",
      },
      "format": {
        "description": "Output format (default: text).",
        "value": "<text|json>",
      },
      "key": {
        "description": "Stable writable key. Valid: frontmatter/{date|energy}=set, focus=set|append|prepend|replace, quick_memo=set|append|prepend|replace, timeline=set|append|prepend|replace, tasks=insert, tasks/<id>=delete, tasks/<id>/<field>=set, short_review=set|append|prepend|replace, references=insert|backfill, references/<i>=delete, references/<i>/{link|description}=set.",
        "value": "<map-path>",
      },
      "match": {
        "description": "Exact text to match inside the selected key for op=replace.",
        "value": "<text>",
      },
      "op": {
        "description": "Update operation.",
        "value": "<set|insert|append|prepend|replace|delete|backfill>",
      },
      "value": {
        "description": "Text value for scalar set, append, or prepend operations.",
        "value": "<text>",
      },
      "value_json": {
        "description": "Structured value for frontmatter updates and task inserts.",
        "value": "<json>",
      },
      "with": {
        "description": "Replacement text for op=replace.",
        "value": "<text>",
      },
    },
  },
  {
    "command": "para-zk:update-llm-wiki",
    "description": "Update an llm-wiki note's stable PARA-ZK surface by map key",
    "options": {
      "all": {
        "description": "For op=replace, replace all matches instead of requiring a single match.",
        "value": "<true|false>",
      },
      "by": {
        "description": "Locale-neutral model id to stamp as llm-wiki authorship.",
        "value": "<model-id>",
      },
      "format": {
        "description": "Output format (default: text).",
        "value": "<text|json>",
      },
      "key": {
        "description": "Stable writable key. Valid: frontmatter/{aliases}=set, references=insert|backfill, references/<i>=delete, references/<i>/{link|description}=set, body=set|append|prepend|replace.",
        "value": "<map-path>",
      },
      "match": {
        "description": "Exact text to match inside the selected key for op=replace.",
        "value": "<text>",
      },
      "op": {
        "description": "Update operation.",
        "value": "<set|insert|append|prepend|replace|delete|backfill>",
      },
      "title": {
        "description": "LLM-Wiki title. Use / to address an LLM-Wiki-relative path, e.g. AI/Foo.",
        "value": "<title>",
      },
      "value": {
        "description": "Text value for scalar set, append, or prepend operations.",
        "value": "<text>",
      },
      "value_json": {
        "description": "Structured value for frontmatter updates and task inserts.",
        "value": "<json>",
      },
      "with": {
        "description": "Replacement text for op=replace.",
        "value": "<text>",
      },
    },
  },
  {
    "command": "para-zk:update-project",
    "description": "Update a project note's stable PARA-ZK surface by map key",
    "options": {
      "all": {
        "description": "For op=replace, replace all matches instead of requiring a single match.",
        "value": "<true|false>",
      },
      "archived": {
        "description": "When selecting by title, true selects the archived PARA copy and false restricts lookup to the active copy.",
        "value": "<true|false>",
      },
      "format": {
        "description": "Output format (default: text).",
        "value": "<text|json>",
      },
      "key": {
        "description": "Stable writable key. Valid: frontmatter/{aliases|status|priority|start_date|due_date|done_date}=set, frontmatter/areas=set|append|prepend|delete, summary=set|append|prepend|replace, goals=set|append|prepend|replace, tasks=insert, tasks/<id>=delete, tasks/<id>/<field>=set, references=insert|backfill, references/<i>=delete, references/<i>/{link|description}=set.",
        "value": "<map-path>",
      },
      "match": {
        "description": "Exact text to match inside the selected key for op=replace.",
        "value": "<text>",
      },
      "op": {
        "description": "Update operation.",
        "value": "<set|insert|append|prepend|replace|delete|backfill>",
      },
      "title": {
        "description": "Project title.",
        "value": "<title>",
      },
      "value": {
        "description": "Text value for scalar set, append, or prepend operations.",
        "value": "<text>",
      },
      "value_json": {
        "description": "Structured value for frontmatter updates and task inserts.",
        "value": "<json>",
      },
      "with": {
        "description": "Replacement text for op=replace.",
        "value": "<text>",
      },
    },
  },
  {
    "command": "para-zk:update-resource",
    "description": "Update a resource note's stable PARA-ZK surface by map key",
    "options": {
      "all": {
        "description": "For op=replace, replace all matches instead of requiring a single match.",
        "value": "<true|false>",
      },
      "archived": {
        "description": "When selecting by title, true selects the archived PARA copy and false restricts lookup to the active copy.",
        "value": "<true|false>",
      },
      "format": {
        "description": "Output format (default: text).",
        "value": "<text|json>",
      },
      "key": {
        "description": "Stable writable key. Valid: frontmatter/{aliases|url|first_author|license|kind}=set, references=insert|backfill, references/<i>=delete, references/<i>/{link|description}=set, body=set|append|prepend|replace.",
        "value": "<map-path>",
      },
      "match": {
        "description": "Exact text to match inside the selected key for op=replace.",
        "value": "<text>",
      },
      "op": {
        "description": "Update operation.",
        "value": "<set|insert|append|prepend|replace|delete|backfill>",
      },
      "title": {
        "description": "Resource title. Use / to address a Resources-relative path, e.g. AI/Foo.",
        "value": "<title>",
      },
      "value": {
        "description": "Text value for scalar set, append, or prepend operations.",
        "value": "<text>",
      },
      "value_json": {
        "description": "Structured value for frontmatter updates and task inserts.",
        "value": "<json>",
      },
      "with": {
        "description": "Replacement text for op=replace.",
        "value": "<text>",
      },
    },
  },
  {
    "command": "para-zk:update-retro",
    "description": "Update a retro note's stable PARA-ZK surface by map key",
    "options": {
      "all": {
        "description": "For op=replace, replace all matches instead of requiring a single match.",
        "value": "<true|false>",
      },
      "archived": {
        "description": "When selecting by title, true selects the archived PARA copy and false restricts lookup to the active copy.",
        "value": "<true|false>",
      },
      "date": {
        "description": "Optional date used to narrow the ISO week folder.",
        "value": "<YYYY-MM-DD>",
      },
      "format": {
        "description": "Output format (default: text).",
        "value": "<text|json>",
      },
      "key": {
        "description": "Stable writable key. Valid: frontmatter/{project|date|week_iso|week_start|week_end}=set, frontmatter/areas=set|append|prepend|delete, week_progress=set|append|prepend|replace, good=set|append|prepend|replace, improve=set|append|prepend|replace, risks=set|append|prepend|replace, retro_summary=set|append|prepend|replace.",
        "value": "<map-path>",
      },
      "match": {
        "description": "Exact text to match inside the selected key for op=replace.",
        "value": "<text>",
      },
      "op": {
        "description": "Update operation.",
        "value": "<set|insert|append|prepend|replace|delete|backfill>",
      },
      "title": {
        "description": "Retro note title.",
        "value": "<title>",
      },
      "value": {
        "description": "Text value for scalar set, append, or prepend operations.",
        "value": "<text>",
      },
      "value_json": {
        "description": "Structured value for frontmatter updates and task inserts.",
        "value": "<json>",
      },
      "with": {
        "description": "Replacement text for op=replace.",
        "value": "<text>",
      },
    },
  },
  {
    "command": "para-zk:update-zk",
    "description": "Update a ZK note's stable PARA-ZK surface by map key",
    "options": {
      "all": {
        "description": "For op=replace, replace all matches instead of requiring a single match.",
        "value": "<true|false>",
      },
      "format": {
        "description": "Output format (default: text).",
        "value": "<text|json>",
      },
      "key": {
        "description": "Stable write key; depends on ZK kind. spark: frontmatter/{processed}=set, references=insert|backfill, references/<i>=delete, references/<i>/{link|description}=set, body=set|append|prepend|replace; digest: frontmatter/{sourceTitle|url|first_author|published}=set, references=insert|backfill, references/<i>=delete, references/<i>/{link|description}=set, body=set|append|prepend|replace; permanent: frontmatter/{maturity|aliases}=set, references=insert|backfill, references/<i>=delete, references/<i>/{link|description}=set, body=set|append|prepend|replace.",
        "value": "<map-path>",
      },
      "kind": {
        "description": "Optional ZK kind filter.",
        "value": "<spark|digest|permanent>",
      },
      "match": {
        "description": "Exact text to match inside the selected key for op=replace.",
        "value": "<text>",
      },
      "op": {
        "description": "Update operation.",
        "value": "<set|insert|append|prepend|replace|delete|backfill>",
      },
      "title": {
        "description": "ZK note title.",
        "value": "<title>",
      },
      "value": {
        "description": "Text value for scalar set, append, or prepend operations.",
        "value": "<text>",
      },
      "value_json": {
        "description": "Structured value for frontmatter updates and task inserts.",
        "value": "<json>",
      },
      "with": {
        "description": "Replacement text for op=replace.",
        "value": "<text>",
      },
    },
  },
  {
    "command": "para-zk:wiki-domains",
    "description": "List the LLM-Wiki domains (per-domain index entry points) to read the wiki",
    "options": {
      "format": {
        "description": "Output format (default: text).",
        "value": "<text|json>",
      },
      "limit": {
        "description": "Maximum domains to return (default: 50).",
        "value": "<number|all>",
      },
      "offset": {
        "description": "Zero-based domain offset (default: 0).",
        "value": "<number>",
      },
    },
  },
  {
    "command": "para-zk:wiki-ingest-candidates",
    "description": "List canonical source notes that should be folded into the LLM-Wiki",
    "options": {
      "format": {
        "description": "Output format (default: text).",
        "value": "<text|json>",
      },
      "limit": {
        "description": "Maximum candidates to return (default: 50).",
        "value": "<number|all>",
      },
      "mode": {
        "description": "Candidate discovery mode.",
        "value": "<per-import|delta|uncited|re-ingest>",
      },
      "offset": {
        "description": "Zero-based candidate offset (default: 0).",
        "value": "<number>",
      },
      "source_path": {
        "description": "Single source note path. Required for per-import and re-ingest; rejected for delta and uncited.",
        "value": "<vault-path>",
      },
      "source_paths": {
        "description": "Multiple source note paths. Required for per-import and re-ingest when source_path is omitted; rejected for delta and uncited.",
        "value": "<json|comma-list>",
      },
      "type": {
        "description": "Optional ingestable source type filter.",
        "value": "<resource|digest|permanent|subnote>",
      },
    },
  },
  {
    "command": "para-zk:wiki-retopology-candidates",
    "description": "Rank LLM-Wiki domain index pairs for retopology review",
    "options": {
      "depth": {
        "description": "Undirected index graph depth for focused graph or global pair connections (default: 2).",
        "value": "<number>",
      },
      "domain": {
        "description": "Optional focus domain. When omitted, rank global domain pairs.",
        "value": "<domain>",
      },
      "format": {
        "description": "Output format (default: text).",
        "value": "<text|json>",
      },
      "limit": {
        "description": "Maximum candidates to return (default: 20).",
        "value": "<number>",
      },
    },
  },
]
`;
